// Jest Snapshot v1, https://goo.gl/fbAQLP

exports[`processMsg Check all (snapshot) 1`] = `
Array [
  Object {
    "id": "<uuid>",
    "op": "set",
    "path": "/path/to/docs",
    "pathAssumingDoc": "/path/to/docs",
    "prop": "text",
    "value": "boo",
  },
  Object {
    "id": "<uuid>",
    "op": "set",
    "path": "/path/to/docs",
    "pathAssumingDoc": "/path/to/docs",
    "value": Object {
      "obj": "boo",
      "v": "foo",
    },
  },
  Object {
    "id": "<uuid>",
    "op": "set",
    "path": "/path/to/docs",
    "pathAssumingDoc": undefined,
    "prop": "text",
    "value": "boo",
  },
  Object {
    "id": "<uuid>",
    "op": "set",
    "path": "/path/to/docs",
    "pathAssumingDoc": undefined,
    "value": Object {
      "obj": "boo",
      "v": "foo",
    },
  },
  Object {
    "id": "foo",
    "op": "set",
    "path": "/path/to/docs",
    "pathAssumingDoc": "/path/to/docs",
    "prop": "text",
    "value": "boo",
  },
  Object {
    "id": "docs",
    "op": "set",
    "path": "/path/to/docs",
    "pathAssumingDoc": "/path/to",
    "pathNotFound": true,
    "prop": "text",
    "value": "boo",
  },
  Object {
    "id": "foo",
    "op": "set",
    "path": "/path/to/docs",
    "pathAssumingDoc": "/path/to/docs",
    "prop": "text",
    "value": "boo",
  },
  Object {
    "id": "foo",
    "op": "set",
    "path": "/path/to/docs",
    "pathAssumingDoc": "/path/to/docs",
    "prop": "text",
    "value": null,
  },
  Object {
    "id": "foo",
    "op": "set",
    "path": "/path/to/docs",
    "pathAssumingDoc": "/path/to/docs",
    "value": null,
  },
  Object {
    "id": "to",
    "op": "set",
    "path": "/path/to",
    "pathAssumingDoc": "/path",
    "pathNotFound": true,
    "value": null,
  },
  Object {
    "id": "<uuid>",
    "op": "query",
    "path": "/path/to/docs",
    "pathAssumingDoc": "/path/to/docs",
    "prop": "text",
  },
  Object {
    "id": "<uuid>",
    "op": "query",
    "path": "/path/to/docs",
    "pathAssumingDoc": "/path/to/docs",
  },
  Object {
    "id": "docs",
    "op": "query",
    "path": "/path/to/docs",
    "pathAssumingDoc": "/path/to",
    "pathNotFound": true,
  },
  Object {
    "id": "path",
    "op": "query",
    "path": "/path",
    "pathAssumingDoc": "",
    "pathNotFound": true,
  },
  Object {
    "id": "<uuid>",
    "op": "subscribe",
    "path": "/path/to/docs",
    "pathAssumingDoc": "/path/to/docs",
    "prop": "text",
  },
  Object {
    "id": "<uuid>",
    "op": "subscribe",
    "path": "/path/to/docs",
    "pathAssumingDoc": "/path/to/docs",
  },
  Object {
    "id": "docs",
    "op": "subscribe",
    "path": "/path/to/docs",
    "pathAssumingDoc": "/path/to",
    "pathNotFound": true,
  },
  Object {
    "id": "path",
    "op": "subscribe",
    "path": "/path",
    "pathAssumingDoc": "",
    "pathNotFound": true,
  },
  Object {
    "id": "<uuid>",
    "op": "create",
    "path": "/path/to/docs",
    "pathAssumingDoc": "/path/to/docs",
    "value": Object {},
  },
  Object {
    "id": "<uuid>",
    "op": "create",
    "path": "/path/to/docs",
    "pathAssumingDoc": undefined,
    "value": Object {},
  },
  Object {
    "id": "<uuid>",
    "op": "update",
    "path": "/path/to/docs",
    "pathAssumingDoc": "/path/to/docs",
    "prop": "text",
    "value": "boo",
  },
  Object {
    "id": "<uuid>",
    "op": "update",
    "path": "/path/to/docs",
    "pathAssumingDoc": undefined,
    "prop": "text",
    "value": "boo",
  },
  Object {
    "id": "<uuid>",
    "op": "update",
    "path": "/path/to/docs",
    "pathAssumingDoc": "/path/to/docs",
    "prop": "text",
    "value": "boo",
  },
  Object {
    "id": "<uuid>",
    "op": "update",
    "path": "/path/to/docs",
    "pathAssumingDoc": undefined,
    "prop": "text",
    "value": "boo",
  },
  Object {
    "id": "to",
    "op": "delete",
    "path": "/path/to",
    "pathAssumingDoc": "/path",
    "pathNotFound": true,
  },
  Object {
    "id": "<uuid>",
    "op": "query",
    "path": "/path/to/docs",
    "pathAssumingDoc": "/path/to/docs",
    "prop": "text",
  },
]
`;
